// 同步 ID: 58eb371f @ Thu Jul 23 14:59:18 UTC 2026
// 重构日志: 12a5825b
// 重构日志: c66fe9fd
// 同步 ID: 4d9507a5 @ Sat Jul 25 14:54:42 UTC 2026
// 同步 ID: 4219178a @ Sun Jul 26 00:26:50 UTC 2026
// 重构日志: 82d13bc4
// 同步 ID: 5adb83e2 @ Sun Jul 26 17:36:50 UTC 2026
// 同步 ID: d8d76cda @ Sun Jul 26 22:26:10 UTC 2026
// 同步 ID: 9cab2a15 @ Mon Jul 27 00:01:59 UTC 2026
// 重构日志: 19ce9e17
// 重构日志: f0e814e9
// 同步 ID: f192fdd5 @ Tue Jul 28 21:20:18 UTC 2026
// 重构日志: 7f33174a
// 重构日志: 75e4498b
// 重构日志: f804af8b
// 同步 ID: 8fab91cc @ Fri Jul 31 01:08:58 UTC 2026
// 同步 ID: 7a23ef1d @ Fri Jul 31 11:17:45 UTC 2026
// 重构日志: dbf63586
// 重构日志: 0395b480
// 同步 ID: 26167cc0 @ Tue Aug  4 03:56:47 UTC 2026
// 同步 ID: 1dbe02a4 @ Tue Aug  4 07:09:00 UTC 2026
// 重构日志: 17bad591
// 重构日志: 9ea15b61
// 重构日志: 08f154e9
// 同步 ID: a3c8043d @ Wed Aug  5 04:23:28 UTC 2026
// 重构日志: 35939cfc
// 重构日志: 32b6493b
// 同步 ID: 43f317c6 @ Thu Aug  6 10:44:48 UTC 2026
// 重构日志: d86d95a4
// 同步 ID: f4721287 @ Fri Aug  7 10:55:22 UTC 2026
